mode: atomic
github.com/family/crab-server/cmd/api/main.go:18.13,24.21 3 0
github.com/family/crab-server/cmd/api/main.go:24.21,26.25 2 0
github.com/family/crab-server/cmd/api/main.go:26.25,28.4 1 0
github.com/family/crab-server/cmd/api/main.go:29.3,29.71 1 0
github.com/family/crab-server/cmd/api/main.go:33.2,58.53 13 0
github.com/family/crab-server/cmd/api/main.go:58.53,60.3 1 0
github.com/family/crab-server/cmd/api/main.go:64.60,68.2 1 0
github.com/family/crab-server/cmd/worker/main.go:9.13,20.9 3 0
github.com/family/crab-server/internal/config/config.go:25.21,33.2 1 2
github.com/family/crab-server/internal/config/config.go:36.39,38.2 1 3
github.com/family/crab-server/internal/config/config.go:41.38,43.2 1 3
github.com/family/crab-server/internal/config/config.go:46.46,47.42 1 10
github.com/family/crab-server/internal/config/config.go:47.42,49.3 1 3
github.com/family/crab-server/internal/config/config.go:50.2,50.21 1 7
github.com/family/crab-server/internal/config/config.go:54.52,55.42 1 0
github.com/family/crab-server/internal/config/config.go:55.42,56.55 1 0
github.com/family/crab-server/internal/config/config.go:56.55,58.4 1 0
github.com/family/crab-server/internal/config/config.go:60.2,60.21 1 0
github.com/family/crab-server/internal/handlers/family_handler.go:20.67,22.2 1 14
github.com/family/crab-server/internal/handlers/family_handler.go:25.54,29.2 3 11
github.com/family/crab-server/internal/handlers/family_handler.go:32.78,34.61 2 5
github.com/family/crab-server/internal/handlers/family_handler.go:34.61,37.3 2 1
github.com/family/crab-server/internal/handlers/family_handler.go:40.2,40.39 1 4
github.com/family/crab-server/internal/handlers/family_handler.go:40.39,43.3 2 1
github.com/family/crab-server/internal/handlers/family_handler.go:46.2,47.16 2 3
github.com/family/crab-server/internal/handlers/family_handler.go:47.16,50.3 2 0
github.com/family/crab-server/internal/handlers/family_handler.go:52.2,52.27 1 3
github.com/family/crab-server/internal/handlers/family_handler.go:56.75,58.61 2 5
github.com/family/crab-server/internal/handlers/family_handler.go:58.61,61.3 2 0
github.com/family/crab-server/internal/handlers/family_handler.go:64.2,64.39 1 5
github.com/family/crab-server/internal/handlers/family_handler.go:64.39,67.3 2 2
github.com/family/crab-server/internal/handlers/family_handler.go:70.2,71.16 2 3
github.com/family/crab-server/internal/handlers/family_handler.go:71.16,72.42 1 1
github.com/family/crab-server/internal/handlers/family_handler.go:72.42,75.4 2 1
github.com/family/crab-server/internal/handlers/family_handler.go:76.3,77.9 2 0
github.com/family/crab-server/internal/handlers/family_handler.go:80.2,80.27 1 2
github.com/family/crab-server/internal/handlers/family_handler.go:84.77,87.9 2 4
github.com/family/crab-server/internal/handlers/family_handler.go:87.9,90.3 2 1
github.com/family/crab-server/internal/handlers/family_handler.go:93.2,94.16 2 3
github.com/family/crab-server/internal/handlers/family_handler.go:94.16,97.3 2 0
github.com/family/crab-server/internal/handlers/family_handler.go:99.2,99.26 1 3
github.com/family/crab-server/pkg/response/response.go:30.68,40.2 4 6
github.com/family/crab-server/pkg/response/response.go:43.73,56.2 4 4
github.com/family/crab-server/pkg/response/response.go:59.50,61.2 1 2
github.com/family/crab-server/pkg/response/response.go:64.55,66.2 1 1
github.com/family/crab-server/pkg/response/response.go:69.56,71.2 1 1
github.com/family/crab-server/pkg/response/response.go:74.54,76.2 1 1
github.com/family/crab-server/pkg/response/response.go:79.59,81.2 1 1
github.com/family/crab-server/pkg/response/response.go:84.87,99.2 4 1
github.com/family/crab-server/internal/services/family_service.go:23.134,29.2 1 19
github.com/family/crab-server/internal/services/family_service.go:32.130,35.16 2 17
github.com/family/crab-server/internal/services/family_service.go:35.16,37.3 1 0
github.com/family/crab-server/internal/services/family_service.go:40.2,46.63 2 17
github.com/family/crab-server/internal/services/family_service.go:46.63,48.3 1 0
github.com/family/crab-server/internal/services/family_service.go:51.2,52.16 2 17
github.com/family/crab-server/internal/services/family_service.go:52.16,54.3 1 0
github.com/family/crab-server/internal/services/family_service.go:56.2,60.8 1 17
github.com/family/crab-server/internal/services/family_service.go:64.121,67.16 2 15
github.com/family/crab-server/internal/services/family_service.go:67.16,69.3 1 1
github.com/family/crab-server/internal/services/family_service.go:72.2,80.60 2 14
github.com/family/crab-server/internal/services/family_service.go:80.60,82.3 1 0
github.com/family/crab-server/internal/services/family_service.go:85.2,86.16 2 14
github.com/family/crab-server/internal/services/family_service.go:86.16,88.3 1 0
github.com/family/crab-server/internal/services/family_service.go:90.2,95.8 1 14
github.com/family/crab-server/internal/services/family_service.go:99.125,101.16 2 4
github.com/family/crab-server/internal/services/family_service.go:101.16,103.3 1 0
github.com/family/crab-server/internal/services/family_service.go:105.2,106.29 2 4
github.com/family/crab-server/internal/services/family_service.go:106.29,113.3 1 8
github.com/family/crab-server/internal/services/family_service.go:115.2,115.20 1 4
github.com/family/crab-server/internal/services/family_service.go:119.44,121.44 2 17
github.com/family/crab-server/internal/services/family_service.go:121.44,123.3 1 0
github.com/family/crab-server/internal/services/family_service.go:124.2,124.39 1 17
github.com/family/crab-server/internal/services/family_service.go:128.82,138.2 3 31
github.com/family/crab-server/internal/services/family_service.go:141.82,142.83 1 7
github.com/family/crab-server/internal/services/family_service.go:142.83,143.58 1 6
github.com/family/crab-server/internal/services/family_service.go:143.58,145.4 1 0
github.com/family/crab-server/internal/services/family_service.go:146.3,146.26 1 6
github.com/family/crab-server/internal/services/family_service.go:149.2,149.16 1 7
github.com/family/crab-server/internal/services/family_service.go:149.16,151.3 1 2
github.com/family/crab-server/internal/services/family_service.go:153.2,153.67 1 5
github.com/family/crab-server/internal/services/family_service.go:153.67,155.3 1 5
github.com/family/crab-server/internal/services/family_service.go:157.2,157.37 1 0
github.com/family/crab-server/internal/models/family.go:60.48,61.24 1 4
github.com/family/crab-server/internal/models/family.go:61.24,63.3 1 1
github.com/family/crab-server/internal/models/family.go:64.2,64.29 1 3
github.com/family/crab-server/internal/models/family.go:64.29,66.3 1 1
github.com/family/crab-server/internal/models/family.go:67.2,67.12 1 2
github.com/family/crab-server/internal/models/family.go:71.45,72.25 1 7
github.com/family/crab-server/internal/models/family.go:72.25,74.3 1 1
github.com/family/crab-server/internal/models/family.go:75.2,75.29 1 6
github.com/family/crab-server/internal/models/family.go:75.29,77.3 1 2
github.com/family/crab-server/internal/models/family.go:78.2,78.23 1 4
github.com/family/crab-server/internal/models/family.go:78.23,80.3 1 1
github.com/family/crab-server/internal/models/family.go:81.2,81.28 1 3
github.com/family/crab-server/internal/models/family.go:81.28,83.3 1 1
github.com/family/crab-server/internal/models/family.go:84.2,84.12 1 2
github.com/family/crab-server/internal/middleware/auth.go:18.69,20.2 1 9
github.com/family/crab-server/internal/middleware/auth.go:23.70,24.71 1 9
github.com/family/crab-server/internal/middleware/auth.go:24.71,27.23 2 9
github.com/family/crab-server/internal/middleware/auth.go:27.23,30.4 2 2
github.com/family/crab-server/internal/middleware/auth.go:33.3,33.57 1 7
github.com/family/crab-server/internal/middleware/auth.go:33.57,36.4 2 1
github.com/family/crab-server/internal/middleware/auth.go:38.3,42.17 3 6
github.com/family/crab-server/internal/middleware/auth.go:42.17,45.4 2 2
github.com/family/crab-server/internal/middleware/auth.go:48.3,49.10 2 4
github.com/family/crab-server/internal/middleware/auth.go:49.10,52.4 2 0
github.com/family/crab-server/internal/middleware/auth.go:54.3,55.17 2 4
github.com/family/crab-server/internal/middleware/auth.go:55.17,58.4 2 0
github.com/family/crab-server/internal/middleware/auth.go:60.3,61.10 2 4
github.com/family/crab-server/internal/middleware/auth.go:61.10,64.4 2 0
github.com/family/crab-server/internal/middleware/auth.go:67.3,72.23 4 4
github.com/family/crab-server/internal/middleware/auth.go:72.23,74.4 1 2
github.com/family/crab-server/internal/middleware/auth.go:76.3,76.40 1 4
github.com/family/crab-server/internal/middleware/auth.go:81.72,82.85 1 3
github.com/family/crab-server/internal/middleware/auth.go:82.85,84.30 2 2
github.com/family/crab-server/internal/middleware/auth.go:84.30,87.4 2 1
github.com/family/crab-server/internal/middleware/auth.go:88.3,88.23 1 1
github.com/family/crab-server/internal/repository/memory/repository.go:19.62,24.2 1 8
github.com/family/crab-server/internal/repository/memory/repository.go:27.99,40.2 6 5
github.com/family/crab-server/internal/repository/memory/repository.go:43.109,48.9 4 3
github.com/family/crab-server/internal/repository/memory/repository.go:48.9,50.3 1 1
github.com/family/crab-server/internal/repository/memory/repository.go:53.2,57.8 1 2
github.com/family/crab-server/internal/repository/memory/repository.go:61.124,66.9 4 4
github.com/family/crab-server/internal/repository/memory/repository.go:66.9,68.3 1 2
github.com/family/crab-server/internal/repository/memory/repository.go:71.2,75.8 1 2
github.com/family/crab-server/internal/repository/memory/repository.go:79.115,84.9 4 2
github.com/family/crab-server/internal/repository/memory/repository.go:84.9,86.3 1 1
github.com/family/crab-server/internal/repository/memory/repository.go:89.2,95.12 4 1
github.com/family/crab-server/internal/repository/memory/repository.go:106.60,111.2 1 8
github.com/family/crab-server/internal/repository/memory/repository.go:114.95,129.2 6 7
github.com/family/crab-server/internal/repository/memory/repository.go:132.106,137.9 4 4
github.com/family/crab-server/internal/repository/memory/repository.go:137.9,139.3 1 1
github.com/family/crab-server/internal/repository/memory/repository.go:142.2,148.8 1 3
github.com/family/crab-server/internal/repository/memory/repository.go:152.123,158.29 5 2
github.com/family/crab-server/internal/repository/memory/repository.go:158.29,166.3 1 3
github.com/family/crab-server/internal/repository/memory/repository.go:167.2,167.20 1 2
github.com/family/crab-server/internal/repository/memory/repository.go:171.109,176.9 4 2
github.com/family/crab-server/internal/repository/memory/repository.go:176.9,178.3 1 1
github.com/family/crab-server/internal/repository/memory/repository.go:180.2,181.12 2 1
